// Vitest Snapshot v1, https://vitest.dev/guide/snapshot.html

exports[`RequestGenerator > requestGenerator getFullText 1`] = `
"import { PetAPIZod } from "./PetAPIZod";
import { paramsZodSchema, responseZodSchema, zodValidate } from "@/utils/zod";
import { PetAPIType } from "./PetAPIType";
import { ErrorResponse } from "./model/ErrorResponse";
import { request } from "./request";

/**
 *
 * @tag pet
 * @description Everything about your Pets
 */
class PetAPI {
    /**
     *
     * @summary summary
     * @description
     */
    @zodValidate
    @responseZodSchema(PetAPIZod.TestPostResponse)
    testPost(@paramsZodSchema(PetAPIZod.TestPostBodyRequest) body: PetAPIType.TestPostBodyRequest): Promise<[ErrorResponse, PetAPIType.TestPostResponse]> {
        return request({
            method: 'post',
            url: \`/pet/test\`,
            data: body
        })
    }

    /**
     *
     * @summary summary
     * @description
     */
    @zodValidate
    @responseZodSchema(PetAPIZod.TestPutResponse)
    testPut(@paramsZodSchema(PetAPIZod.TestPutBodyRequest) body: PetAPIType.TestPutBodyRequest): Promise<[ErrorResponse, PetAPIType.TestPutResponse]> {
        return request({
            method: 'put',
            url: \`/pet/test\`,
            data: body
        })
    }

    /**
     *
     * @summary summary
     * @description
     */
    @zodValidate
    @responseZodSchema(PetAPIZod.DelByTestResponse)
    delByTest(@paramsZodSchema(PetAPIZod.DelByTestBodyRequest) body: PetAPIType.DelByTestBodyRequest): Promise<[ErrorResponse, PetAPIType.DelByTestResponse]> {
        return request({
            method: 'delete',
            url: \`/pet/test\`,
            data: body
        })
    }

    /**
     *
     * @summary summary
     * @description
     */
    @zodValidate
    @responseZodSchema(PetAPIZod.TestIdResponse)
    testId(@paramsZodSchema(PetAPIZod.TestIdQueryRequest) query: PetAPIType.TestIdQueryRequest, @paramsZodSchema(PetAPIZod.TestIdPathRequest) testId: PetAPIType.TestIdPathRequest): Promise<[ErrorResponse, PetAPIType.TestIdResponse]> {
        return request({
            method: 'get',
            url: \`/pet/test/\${testId}\`,
            params: query,
            paramsSerializer(params: PetAPIType.TestIdQueryRequest) {
                return qs.stringify(params)
            }
        })
    }

    /**
     *
     * @summary uploads an image
     * @description pet
     */
    @zodValidate
    @responseZodSchema(PetAPIZod.UploadImagePostResponse)
    uploadImagePost(@paramsZodSchema(PetAPIZod.UploadImagePostBodyRequest) body: PetAPIType.UploadImagePostBodyRequest, @paramsZodSchema(PetAPIZod.UploadImagePostPathRequest) petId: PetAPIType.UploadImagePostPathRequest): Promise<[ErrorResponse, PetAPIType.UploadImagePostResponse]> {
        return request({
            method: 'post',
            headers: {
                'Content-Type': 'multipart/form-data'
            },
            url: \`/pet/\${petId}/uploadImage\`,
            data: body
        })
    }

    /**
     *
     * @summary Add a new pet to the store
     * @description
     */
    @zodValidate
    @responseZodSchema(PetAPIZod.CreateResponse)
    create(@paramsZodSchema(PetAPIZod.CreateBodyRequest) body: PetAPIType.CreateBodyRequest): Promise<[ErrorResponse, PetAPIType.CreateResponse]> {
        return request({
            method: 'post',
            url: \`/pet\`,
            data: body
        })
    }

    /**
     *
     * @summary Update an existing pet
     * @description
     */
    @zodValidate
    @responseZodSchema(PetAPIZod.UpdateResponse)
    update(@paramsZodSchema(PetAPIZod.UpdateBodyRequest) body: PetAPIType.UpdateBodyRequest): Promise<[ErrorResponse, PetAPIType.UpdateResponse]> {
        return request({
            method: 'put',
            url: \`/pet\`,
            data: body
        })
    }

    /**
     *
     * @summary Finds Pets by status
     * @description Multiple status values can be provided with comma separated strings
     */
    @zodValidate
    @responseZodSchema(PetAPIZod.FindByStatusGetResponse)
    findByStatusGet(@paramsZodSchema(PetAPIZod.FindByStatusGetQueryRequest) query: PetAPIType.FindByStatusGetQueryRequest): Promise<[ErrorResponse, PetAPIType.FindByStatusGetResponse]> {
        return request({
            method: 'get',
            url: \`/pet/findByStatus\`,
            params: query,
            paramsSerializer(params: PetAPIType.FindByStatusGetQueryRequest) {
                return qs.stringify(params)
            }
        })
    }

    /**
     *
     * @summary Finds Pets by tags
     * @description Multiple tags can be provided with comma separated strings. Use tag1, tag2, tag3 for testing.
     */
    @zodValidate
    @responseZodSchema(PetAPIZod.FindByTagsGetResponse)
    findByTagsGet(@paramsZodSchema(PetAPIZod.FindByTagsGetQueryRequest) query: PetAPIType.FindByTagsGetQueryRequest): Promise<[ErrorResponse, PetAPIType.FindByTagsGetResponse]> {
        return request({
            method: 'get',
            url: \`/pet/findByTags\`,
            params: query,
            paramsSerializer(params: PetAPIType.FindByTagsGetQueryRequest) {
                return qs.stringify(params)
            }
        })
    }

    /**
     *
     * @summary Find pet by ID
     * @description Returns a single pet
     */
    @zodValidate
    @responseZodSchema(PetAPIZod.FindByPetIdResponse)
    findByPetId(@paramsZodSchema(PetAPIZod.FindByPetIdPathRequest) petId: PetAPIType.FindByPetIdPathRequest): Promise<[ErrorResponse, PetAPIType.FindByPetIdResponse]> {
        return request({
            method: 'get',
            url: \`/pet/\${petId}\`
        })
    }

    /**
     *
     * @summary Updates a pet in the store with form data
     * @description
     */
    @zodValidate
    @responseZodSchema(PetAPIZod.PetIdResponse)
    petId(@paramsZodSchema(PetAPIZod.PetIdBodyRequest) body: PetAPIType.PetIdBodyRequest, @paramsZodSchema(PetAPIZod.PetIdPathRequest) petId: PetAPIType.PetIdPathRequest): Promise<[ErrorResponse, PetAPIType.PetIdResponse]> {
        return request({
            method: 'post',
            headers: {
                'Content-Type': 'application/x-www-form-urlencoded'
            },
            url: \`/pet/\${petId}\`,
            data: body
        })
    }

    /**
     *
     * @summary Deletes a pet
     * @description
     */
    @zodValidate
    @responseZodSchema(PetAPIZod.DelByPetIdResponse)
    delByPetId(@paramsZodSchema(PetAPIZod.DelByPetIdPathRequest) petId: PetAPIType.DelByPetIdPathRequest): Promise<[ErrorResponse, PetAPIType.DelByPetIdResponse]> {
        return request({
            method: 'delete',
            url: \`/pet/\${petId}\`
        })
    }
}

export const petAPI = new PetAPI;

import { StoreAPIZod } from "./StoreAPIZod";
import { paramsZodSchema, responseZodSchema, zodValidate } from "@/utils/zod";
import { StoreAPIType } from "./StoreAPIType";
import { ErrorResponse } from "./model/ErrorResponse";
import { request } from "./request";

/**
 *
 * @tag store
 * @description Access to Petstore orders
 */
class StoreAPI {
    /**
     *
     * @summary Place an order for a pet
     * @description
     */
    @zodValidate
    @responseZodSchema(StoreAPIZod.CreateResponse)
    create(@paramsZodSchema(StoreAPIZod.CreateBodyRequest) body: StoreAPIType.CreateBodyRequest): Promise<[ErrorResponse, StoreAPIType.CreateResponse]> {
        return request({
            method: 'post',
            url: \`/store/order\`,
            data: body
        })
    }

    /**
     *
     * @summary Find purchase order by ID
     * @description For valid response try integer IDs with value >= 1 and <= 10. Other values will generated exceptions
     */
    @zodValidate
    @responseZodSchema(StoreAPIZod.FindByOrderIdResponse)
    findByOrderId(@paramsZodSchema(StoreAPIZod.FindByOrderIdPathRequest) orderId: StoreAPIType.FindByOrderIdPathRequest): Promise<[ErrorResponse, StoreAPIType.FindByOrderIdResponse]> {
        return request({
            method: 'get',
            url: \`/store/order/\${orderId}\`
        })
    }

    /**
     *
     * @summary Delete purchase order by ID
     * @description For valid response try integer IDs with positive integer value. Negative or non-integer values will generate API errors
     */
    @zodValidate
    @responseZodSchema(StoreAPIZod.DelByOrderIdResponse)
    delByOrderId(@paramsZodSchema(StoreAPIZod.DelByOrderIdPathRequest) orderId: StoreAPIType.DelByOrderIdPathRequest): Promise<[ErrorResponse, StoreAPIType.DelByOrderIdResponse]> {
        return request({
            method: 'delete',
            url: \`/store/order/\${orderId}\`
        })
    }

    /**
     *
     * @summary Returns pet inventories by status
     * @description Returns a map of status codes to quantities
     */
    @zodValidate
    @responseZodSchema(StoreAPIZod.InventoryGetResponse)
    inventoryGet(): Promise<[ErrorResponse, StoreAPIType.InventoryGetResponse]> {
        return request({
            method: 'get',
            url: \`/store/inventory\`
        })
    }
}

export const storeAPI = new StoreAPI;

import { UserAPIZod } from "./UserAPIZod";
import { paramsZodSchema, responseZodSchema, zodValidate } from "@/utils/zod";
import { UserAPIType } from "./UserAPIType";
import { ErrorResponse } from "./model/ErrorResponse";
import { request } from "./request";

/**
 *
 * @tag user
 * @description Operations about user
 */
class UserAPI {
    /**
     *
     * @summary Creates list of users with given input array
     * @description
     */
    @zodValidate
    @responseZodSchema(UserAPIZod.CreateWithArrayPostResponse)
    createWithArrayPost(@paramsZodSchema(UserAPIZod.CreateWithArrayPostBodyRequest) body: UserAPIType.CreateWithArrayPostBodyRequest): Promise<[ErrorResponse, UserAPIType.CreateWithArrayPostResponse]> {
        return request({
            method: 'post',
            url: \`/user/createWithArray\`,
            data: body
        })
    }

    /**
     *
     * @summary Creates list of users with given input array
     * @description
     */
    @zodValidate
    @responseZodSchema(UserAPIZod.CreateWithListPostResponse)
    createWithListPost(@paramsZodSchema(UserAPIZod.CreateWithListPostBodyRequest) body: UserAPIType.CreateWithListPostBodyRequest): Promise<[ErrorResponse, UserAPIType.CreateWithListPostResponse]> {
        return request({
            method: 'post',
            url: \`/user/createWithList\`,
            data: body
        })
    }

    /**
     *
     * @summary Get user by user name
     * @description
     */
    @zodValidate
    @responseZodSchema(UserAPIZod.FindByUsernameResponse)
    findByUsername(@paramsZodSchema(UserAPIZod.FindByUsernamePathRequest) username: UserAPIType.FindByUsernamePathRequest): Promise<[ErrorResponse, UserAPIType.FindByUsernameResponse]> {
        return request({
            method: 'get',
            url: \`/user/\${username}\`
        })
    }

    /**
     *
     * @summary Updated user
     * @description This can only be done by the logged in user.
     */
    @zodValidate
    @responseZodSchema(UserAPIZod.UsernameResponse)
    username(@paramsZodSchema(UserAPIZod.UsernameBodyRequest) body: UserAPIType.UsernameBodyRequest, @paramsZodSchema(UserAPIZod.UsernamePathRequest) username: UserAPIType.UsernamePathRequest): Promise<[ErrorResponse, UserAPIType.UsernameResponse]> {
        return request({
            method: 'put',
            url: \`/user/\${username}\`,
            data: body
        })
    }

    /**
     *
     * @summary Delete user
     * @description This can only be done by the logged in user.
     */
    @zodValidate
    @responseZodSchema(UserAPIZod.DelByUsernameResponse)
    delByUsername(@paramsZodSchema(UserAPIZod.DelByUsernamePathRequest) username: UserAPIType.DelByUsernamePathRequest): Promise<[ErrorResponse, UserAPIType.DelByUsernameResponse]> {
        return request({
            method: 'delete',
            url: \`/user/\${username}\`
        })
    }

    /**
     *
     * @summary Logs user into the system
     * @description
     */
    @zodValidate
    @responseZodSchema(UserAPIZod.LoginGetResponse)
    loginGet(@paramsZodSchema(UserAPIZod.LoginGetQueryRequest) query: UserAPIType.LoginGetQueryRequest): Promise<[ErrorResponse, UserAPIType.LoginGetResponse]> {
        return request({
            method: 'get',
            url: \`/user/login\`,
            params: query
        })
    }

    /**
     *
     * @summary Logs out current logged in user session
     * @description
     */
    @zodValidate
    @responseZodSchema(UserAPIZod.LogoutGetResponse)
    logoutGet(): Promise<[ErrorResponse, UserAPIType.LogoutGetResponse]> {
        return request({
            method: 'get',
            url: \`/user/logout\`
        })
    }

    /**
     *
     * @summary Create user
     * @description This can only be done by the logged in user.
     */
    @zodValidate
    @responseZodSchema(UserAPIZod.CreateResponse)
    create(@paramsZodSchema(UserAPIZod.CreateBodyRequest) body: UserAPIType.CreateBodyRequest): Promise<[ErrorResponse, UserAPIType.CreateResponse]> {
        return request({
            method: 'post',
            url: \`/user\`,
            data: body
        })
    }
}

export const userAPI = new UserAPI;
"
`;
