// Vitest Snapshot v1, https://vitest.dev/guide/snapshot.html

exports[`Ts Type Plugin Integration > should generate typescript file with correct namespace 1`] = `""`;
