// Vitest Snapshot v1, https://vitest.dev/guide/snapshot.html

exports[`typerGenerator > TypeGenerator getFullText 1`] = `
"import type { TestDto2, Test32145, ApiResponse, Pet } from "./models";

/** Everything about your Pets */
export namespace Pet {
    /** OK */
    export type TestPostResponse = TestDto2;
    /** */
    export type TestPostResponse401 = unknown;
    /** */
    export type TestPostResponse403 = unknown;
    /** */
    export type TestPostResponse404 = unknown;
    /** */
    export type TestPostErrorResponse = TestPostResponse401 | TestPostResponse403 | TestPostResponse404;
    /** OK */
    export type TestPutResponse = TestDto2;
    /** */
    export type TestPutResponse401 = unknown;
    /** */
    export type TestPutResponse403 = unknown;
    /** */
    export type TestPutResponse404 = unknown;
    /** */
    export type TestPutErrorResponse = TestPutResponse401 | TestPutResponse403 | TestPutResponse404;
    /** */
    export type DelByTestBodyParams = Array<number>;
    /** OK */
    export type DelByTestResponse = Test32145;
    /** */
    export type DelByTestResponse401 = unknown;
    /** */
    export type DelByTestResponse403 = unknown;
    /** */
    export type DelByTestErrorResponse = DelByTestResponse401 | DelByTestResponse403;

    /** queryParams */
    export interface TestIdGetQueryParams {
        /** */
        fields?: Array<string>;
        /** */
        page: number;
        /** */
        size: number;
    }

    /** pathParams */
    export interface TestIdGetPathParams {
        /** */
        testId: number;
        /** */
        testId2: string;
    }

    /** OK */
    export type TestIdGetResponse = TestDto2;
    /** */
    export type TestIdGetResponse401 = unknown;
    /** */
    export type TestIdGetResponse403 = unknown;
    /** */
    export type TestIdGetResponse404 = unknown;
    /** */
    export type TestIdGetErrorResponse = TestIdGetResponse401 | TestIdGetResponse403 | TestIdGetResponse404;

    /** pathParams */
    export interface UploadImagePostPathParams {
        /** */
        petId: number;
    }

    /** bodyParams */
    export interface UploadImagePostBodyParams {
        /** Additional data to pass to server */
        additionalMetadata?: string;
        /** file to upload */
        file?: string;
    }

    /** successful operation */
    export type UploadImagePostResponse = ApiResponse;
    /** */
    export type UploadImagePostErrorResponse = unknown;
    /** */
    export type CreateResponse405 = unknown;
    /** */
    export type CreateErrorResponse = CreateResponse405;
    /** */
    export type CreateResponse = unknown;
    /** */
    export type UpdateResponse400 = unknown;
    /** */
    export type UpdateResponse404 = unknown;
    /** */
    export type UpdateResponse405 = unknown;
    /** */
    export type UpdateErrorResponse = UpdateResponse400 | UpdateResponse404 | UpdateResponse405;
    /** */
    export type UpdateResponse = unknown;

    /** queryParams */
    export interface FindByStatusGetQueryParams {
        /** */
        status: Array<string>;
    }

    /** successful operation */
    export type FindByStatusGetResponse = Pet;
    /** */
    export type FindByStatusGetResponse400 = unknown;
    /** */
    export type FindByStatusGetErrorResponse = FindByStatusGetResponse400;

    /** queryParams */
    export interface FindByTagsGetQueryParams {
        /** */
        tags: Array<string>;
    }

    /** successful operation */
    export type FindByTagsGetResponse = Pet;
    /** */
    export type FindByTagsGetResponse400 = unknown;
    /** */
    export type FindByTagsGetErrorResponse = FindByTagsGetResponse400;

    /** pathParams */
    export interface FindByPetIdPathParams {
        /** */
        petId: number;
    }

    /** successful operation */
    export type FindByPetIdResponse = Pet;
    /** */
    export type FindByPetIdResponse400 = unknown;
    /** */
    export type FindByPetIdResponse404 = unknown;
    /** */
    export type FindByPetIdErrorResponse = FindByPetIdResponse400 | FindByPetIdResponse404;

    /** pathParams */
    export interface PetIdPostPathParams {
        /** */
        petId: number;
    }

    /** bodyParams */
    export interface PetIdPostBodyParams {
        /** Updated name of the pet */
        name?: string;
        /** Updated status of the pet */
        status?: string;
    }

    /** */
    export type PetIdPostResponse405 = unknown;
    /** */
    export type PetIdPostErrorResponse = PetIdPostResponse405;
    /** */
    export type PetIdPostResponse = unknown;

    /** pathParams */
    export interface DelByPetIdPathParams {
        /** */
        petId: number;
    }

    /** */
    export type DelByPetIdResponse400 = unknown;
    /** */
    export type DelByPetIdResponse404 = unknown;
    /** */
    export type DelByPetIdErrorResponse = DelByPetIdResponse400 | DelByPetIdResponse404;
    /** */
    export type DelByPetIdResponse = unknown;
}

import type { Order } from "./models";

/** Access to Petstore orders */
export namespace Store {
    /** */
    export type CreateBodyParams = Order;
    /** successful operation */
    export type CreateResponse = Order;
    /** */
    export type CreateResponse400 = unknown;
    /** */
    export type CreateErrorResponse = CreateResponse400;

    /** pathParams */
    export interface FindByOrderIdPathParams {
        /** */
        orderId: number;
    }

    /** successful operation */
    export type FindByOrderIdResponse = Order;
    /** */
    export type FindByOrderIdResponse400 = unknown;
    /** */
    export type FindByOrderIdResponse404 = unknown;
    /** */
    export type FindByOrderIdErrorResponse = FindByOrderIdResponse400 | FindByOrderIdResponse404;

    /** pathParams */
    export interface DelByOrderIdPathParams {
        /** */
        orderId: number;
    }

    /** */
    export type DelByOrderIdResponse400 = unknown;
    /** */
    export type DelByOrderIdResponse404 = unknown;
    /** */
    export type DelByOrderIdErrorResponse = DelByOrderIdResponse400 | DelByOrderIdResponse404;
    /** */
    export type DelByOrderIdResponse = unknown;

    /** successful operation */
    export interface InventoryGetResponse {
    }

    /** */
    export type InventoryGetErrorResponse = unknown;
}

import type { User } from "./models";

/** Operations about user */
export namespace User {
    /** */
    export type CreateWithArrayPostErrorResponse = unknown;
    /** */
    export type CreateWithArrayPostResponse = unknown;
    /** */
    export type CreateWithListPostErrorResponse = unknown;
    /** */
    export type CreateWithListPostResponse = unknown;

    /** pathParams */
    export interface FindByUsernamePathParams {
        /** */
        username: string;
    }

    /** successful operation */
    export type FindByUsernameResponse = User;
    /** */
    export type FindByUsernameResponse400 = unknown;
    /** */
    export type FindByUsernameResponse404 = unknown;
    /** */
    export type FindByUsernameErrorResponse = FindByUsernameResponse400 | FindByUsernameResponse404;

    /** pathParams */
    export interface UsernamePutPathParams {
        /** */
        username: string;
    }

    /** */
    export type UsernamePutBodyParams = User;
    /** */
    export type UsernamePutResponse400 = unknown;
    /** */
    export type UsernamePutResponse404 = unknown;
    /** */
    export type UsernamePutErrorResponse = UsernamePutResponse400 | UsernamePutResponse404;
    /** */
    export type UsernamePutResponse = unknown;

    /** pathParams */
    export interface DelByUsernamePathParams {
        /** */
        username: string;
    }

    /** */
    export type DelByUsernameResponse400 = unknown;
    /** */
    export type DelByUsernameResponse404 = unknown;
    /** */
    export type DelByUsernameErrorResponse = DelByUsernameResponse400 | DelByUsernameResponse404;
    /** */
    export type DelByUsernameResponse = unknown;

    /** queryParams */
    export interface LoginGetQueryParams {
        /** */
        username: string;
        /** */
        password: string;
    }

    /** successful operation */
    export interface LoginGetResponse {
    }

    /** */
    export type LoginGetResponse400 = unknown;
    /** */
    export type LoginGetErrorResponse = LoginGetResponse400;
    /** */
    export type LogoutGetErrorResponse = unknown;
    /** */
    export type LogoutGetResponse = unknown;
    /** */
    export type CreateBodyParams = User;
    /** */
    export type CreateErrorResponse = unknown;
    /** */
    export type CreateResponse = unknown;
}

import type { Testdata } from "./Testdata";

/** */
export interface Test32145 {
    /** description */
    code?: number;
    /** */
    meta?: Testdata;
}

/** */
export interface Test3214 {
    /** 默认值 */
    columnDefault?: string;
    /** description */
    columnLength?: number;
    /** description */
    columnName?: string;
    /** description */
    columnRemark?: string;
    /** description */
    columnScale?: number;
    /** description */
    columnType?: string;
    /** description */
    delFlag?: boolean;
    /** */
    formId?: number;
    /** id */
    id?: number;
    /** description */
    notNull?: boolean;
}

/** */
export interface Testdata {
    /** description */
    number?: number;
    /** description */
    numberOfElements?: number;
    /** description */
    totalElements?: number;
    /** description */
    totalPages?: number;
}

/** */
export interface Sort {
    /** */
    empty?: boolean;
    /** */
    sorted?: boolean;
    /** */
    unsorted?: boolean;
}

import type { Test3214 } from "./Test3214";

/** */
export interface TestDto3 {
    /** */
    test3214?: Test3214;
}

import type { TestDto3 } from "./TestDto3";
import type { Testdata } from "./Testdata";

/** */
export interface TestDto2 {
    /** */
    content?: TestDto3;
    /** */
    meta?: Testdata;
}

/** */
export interface Test321 {
    /** */
    id?: number;
}

import type { Test321 } from "./Test321";

/** */
export interface TestDto {
    /** test321 */
    test321?: Test321;
}

import type { ApiResponse } from "./ApiResponse";

/** */
export interface RefList {
    /** */
    content?: ApiResponse;
    /** string */
    string?: string;
    /** */
    name?: string;
    /** title */
    title?: string;
    /** type */
    type?: string;
}

/** */
export interface ApiResponse {
    /** */
    code?: number;
    /** */
    type?: string;
    /** */
    message?: string;
}

/** */
export interface Category {
    /** */
    id?: number;
    /** */
    name?: string;
}

import type { Category } from "./Category";
import type { Tag } from "./Tag";

/** */
export interface Pet {
    /** */
    id?: number;
    /** */
    category?: Category;
    /** */
    name: string;
    /** */
    photoUrls: Array<string>;
    /** */
    tags?: Tag;
    /** pet status in the store */
    status?: string;
}

/** */
export interface Tag {
    /** */
    id?: number;
    /** */
    name?: string;
}

/** */
export interface Order {
    /** */
    id?: number;
    /** */
    petId?: number;
    /** */
    quantity?: number;
    /** */
    shipDate?: string;
    /** Order Status */
    status?: string;
    /** */
    complete?: boolean;
}

/** */
export interface User {
    /** */
    id?: number;
    /** */
    username?: string;
    /** */
    firstName?: string;
    /** */
    lastName?: string;
    /** */
    email?: string;
    /** */
    password?: string;
    /** */
    phone?: string;
    /** User Status */
    userStatus?: number;
}

/** description */
export const ColumnTypeLabel = {
    Char: '',
    Char2: '',
    Char3: ''
};
/** pet status in the store */
export const StatusLabel = {
    Available: '',
    Pending: '',
    Sold: ''
};
/** Order Status */
export const Status1Label = {
    Placed: '',
    Approved: '',
    Delivered: ''
};

/** description */
const enum ColumnType {
    Char = "CHAR",
    Char2 = "CHAR2",
    Char3 = "CHAR3"
}

/** pet status in the store */
const enum Status {
    Available = "available",
    Pending = "pending",
    Sold = "sold"
}

/** Order Status */
const enum Status1 {
    Placed = "placed",
    Approved = "approved",
    Delivered = "delivered"
}

/** description */
export const columnTypeOption = [{
    label: ColumnTypeLabel.Char,
    value: ColumnType.Char
}, {
    label: ColumnTypeLabel.Char2,
    value: ColumnType.Char2
}, {
    label: ColumnTypeLabel.Char3,
    value: ColumnType.Char3
}];
/** pet status in the store */
export const statusOption = [{
    label: StatusLabel.Available,
    value: Status.Available
}, {
    label: StatusLabel.Pending,
    value: Status.Pending
}, {
    label: StatusLabel.Sold,
    value: Status.Sold
}];
/** Order Status */
export const status1Option = [{
    label: Status1Label.Placed,
    value: Status1.Placed
}, {
    label: Status1Label.Approved,
    value: Status1.Approved
}, {
    label: Status1Label.Delivered,
    value: Status1.Delivered
}];

export * from "./enum";
export * from "./Test32145";
export * from "./Test3214";
export * from "./Testdata";
export * from "./Sort";
export * from "./TestDto3";
export * from "./TestDto2";
export * from "./Test321";
export * from "./TestDto";
export * from "./RefList";
export * from "./ApiResponse";
export * from "./Category";
export * from "./Pet";
export * from "./Tag";
export * from "./Order";
export * from "./User";
"
`;
