// Vitest Snapshot v1, https://vitest.dev/guide/snapshot.html

exports[`MswGenerator > MSWGenerator getFullText 1`] = `
"import { HttpResponse, http, HttpHandler } from "msw";
import { petFakerService } from "./pet-faker.service";
/** */
const handlers = [{
    name: 'testPost',
    start: false,
    msw: http.post('/pet/test', (req) => {
        return HttpResponse.json(petFakerService.testPost())
    })
}, {
    name: 'testPut',
    start: false,
    msw: http.put('/pet/test', (req) => {
        return HttpResponse.json(petFakerService.testPut())
    })
}, {
    name: 'delByTest',
    start: false,
    msw: http.delete('/pet/test', (req) => {
        return HttpResponse.json(petFakerService.delByTest())
    })
}, {
    name: 'testIdGet',
    start: false,
    msw: http.get('/pet/test/:testId', (req) => {
        return HttpResponse.json(petFakerService.testIdGet())
    })
}, {
    name: 'uploadImagePost',
    start: false,
    msw: http.post('/pet/:petId/uploadImage', (req) => {
        return HttpResponse.json(petFakerService.uploadImagePost())
    })
}, {
    name: 'create',
    start: false,
    msw: http.post('/pet', (req) => {
        return HttpResponse.json(petFakerService.create())
    })
}, {
    name: 'update',
    start: false,
    msw: http.put('/pet', (req) => {
        return HttpResponse.json(petFakerService.update())
    })
}, {
    name: 'findByStatusGet',
    start: false,
    msw: http.get('/pet/findByStatus', (req) => {
        return HttpResponse.json(petFakerService.findByStatusGet())
    })
}, {
    name: 'findByTagsGet',
    start: false,
    msw: http.get('/pet/findByTags', (req) => {
        return HttpResponse.json(petFakerService.findByTagsGet())
    })
}, {
    name: 'findByPetId',
    start: false,
    msw: http.get('/pet/:petId', (req) => {
        return HttpResponse.json(petFakerService.findByPetId())
    })
}, {
    name: 'petIdPost',
    start: false,
    msw: http.post('/pet/:petId', (req) => {
        return HttpResponse.json(petFakerService.petIdPost())
    })
}, {
    name: 'delByPetId',
    start: false,
    msw: http.delete('/pet/:petId', (req) => {
        return HttpResponse.json(petFakerService.delByPetId())
    })
}];
export const petHandler: Array<HttpHandler> = handlers
    .filter(x => x.start)
    .map(x => x.msw);

import { HttpResponse, http, HttpHandler } from "msw";
import { storeFakerService } from "./store-faker.service";
/** */
const handlers = [{
    name: 'create',
    start: false,
    msw: http.post('/store/order', (req) => {
        return HttpResponse.json(storeFakerService.create())
    })
}, {
    name: 'findByOrderId',
    start: false,
    msw: http.get('/store/order/:orderId', (req) => {
        return HttpResponse.json(storeFakerService.findByOrderId())
    })
}, {
    name: 'delByOrderId',
    start: false,
    msw: http.delete('/store/order/:orderId', (req) => {
        return HttpResponse.json(storeFakerService.delByOrderId())
    })
}, {
    name: 'inventoryGet',
    start: false,
    msw: http.get('/store/inventory', (req) => {
        return HttpResponse.json(storeFakerService.inventoryGet())
    })
}];
export const storeHandler: Array<HttpHandler> = handlers
    .filter(x => x.start)
    .map(x => x.msw);

import { HttpResponse, http, HttpHandler } from "msw";
import { userFakerService } from "./user-faker.service";
/** */
const handlers = [{
    name: 'createWithArrayPost',
    start: false,
    msw: http.post('/user/createWithArray', (req) => {
        return HttpResponse.json(userFakerService.createWithArrayPost())
    })
}, {
    name: 'createWithListPost',
    start: false,
    msw: http.post('/user/createWithList', (req) => {
        return HttpResponse.json(userFakerService.createWithListPost())
    })
}, {
    name: 'findByUsername',
    start: false,
    msw: http.get('/user/:username', (req) => {
        return HttpResponse.json(userFakerService.findByUsername())
    })
}, {
    name: 'usernamePut',
    start: false,
    msw: http.put('/user/:username', (req) => {
        return HttpResponse.json(userFakerService.usernamePut())
    })
}, {
    name: 'delByUsername',
    start: false,
    msw: http.delete('/user/:username', (req) => {
        return HttpResponse.json(userFakerService.delByUsername())
    })
}, {
    name: 'loginGet',
    start: false,
    msw: http.get('/user/login', (req) => {
        return HttpResponse.json(userFakerService.loginGet())
    })
}, {
    name: 'logoutGet',
    start: false,
    msw: http.get('/user/logout', (req) => {
        return HttpResponse.json(userFakerService.logoutGet())
    })
}, {
    name: 'create',
    start: false,
    msw: http.post('/user', (req) => {
        return HttpResponse.json(userFakerService.create())
    })
}];
export const userHandler: Array<HttpHandler> = handlers
    .filter(x => x.start)
    .map(x => x.msw);

import { petHandler } from "./petHandler.handler";
import { storeHandler } from "./storeHandler.handler";
import { userHandler } from "./userHandler.handler";
import { HttpHandler } from "msw";
export const handlers: Array<HttpHandler> = [...petHandler, ...storeHandler, ...userHandler];
"
`;

exports[`MswGenerator > MswGenerator getFullText 1`] = `
"import { HttpResponse, http, HttpHandler } from "msw";
import { petFakerService } from "./pet-faker.service";
/** */
const handlers = [{
    name: 'testPost',
    start: false,
    msw: http.post('/pet/test', (req) => {
        return HttpResponse.json(petFakerService.testPost())
    })
}, {
    name: 'testPut',
    start: false,
    msw: http.put('/pet/test', (req) => {
        return HttpResponse.json(petFakerService.testPut())
    })
}, {
    name: 'delByTest',
    start: false,
    msw: http.delete('/pet/test', (req) => {
        return HttpResponse.json(petFakerService.delByTest())
    })
}, {
    name: 'testIdGet',
    start: false,
    msw: http.get('/pet/test/:testId', (req) => {
        return HttpResponse.json(petFakerService.testIdGet())
    })
}, {
    name: 'uploadImagePost',
    start: false,
    msw: http.post('/pet/:petId/uploadImage', (req) => {
        return HttpResponse.json(petFakerService.uploadImagePost())
    })
}, {
    name: 'create',
    start: false,
    msw: http.post('/pet', (req) => {
        return HttpResponse.json(petFakerService.create())
    })
}, {
    name: 'update',
    start: false,
    msw: http.put('/pet', (req) => {
        return HttpResponse.json(petFakerService.update())
    })
}, {
    name: 'findByStatusGet',
    start: false,
    msw: http.get('/pet/findByStatus', (req) => {
        return HttpResponse.json(petFakerService.findByStatusGet())
    })
}, {
    name: 'findByTagsGet',
    start: false,
    msw: http.get('/pet/findByTags', (req) => {
        return HttpResponse.json(petFakerService.findByTagsGet())
    })
}, {
    name: 'findByPetId',
    start: false,
    msw: http.get('/pet/:petId', (req) => {
        return HttpResponse.json(petFakerService.findByPetId())
    })
}, {
    name: 'petIdPost',
    start: false,
    msw: http.post('/pet/:petId', (req) => {
        return HttpResponse.json(petFakerService.petIdPost())
    })
}, {
    name: 'delByPetId',
    start: false,
    msw: http.delete('/pet/:petId', (req) => {
        return HttpResponse.json(petFakerService.delByPetId())
    })
}];
export const petHandler: Array<HttpHandler> = handlers
    .filter(x => x.start)
    .map(x => x.msw);

import { HttpResponse, http, HttpHandler } from "msw";
import { storeFakerService } from "./store-faker.service";
/** */
const handlers = [{
    name: 'create',
    start: false,
    msw: http.post('/store/order', (req) => {
        return HttpResponse.json(storeFakerService.create())
    })
}, {
    name: 'findByOrderId',
    start: false,
    msw: http.get('/store/order/:orderId', (req) => {
        return HttpResponse.json(storeFakerService.findByOrderId())
    })
}, {
    name: 'delByOrderId',
    start: false,
    msw: http.delete('/store/order/:orderId', (req) => {
        return HttpResponse.json(storeFakerService.delByOrderId())
    })
}, {
    name: 'inventoryGet',
    start: false,
    msw: http.get('/store/inventory', (req) => {
        return HttpResponse.json(storeFakerService.inventoryGet())
    })
}];
export const storeHandler: Array<HttpHandler> = handlers
    .filter(x => x.start)
    .map(x => x.msw);

import { HttpResponse, http, HttpHandler } from "msw";
import { userFakerService } from "./user-faker.service";
/** */
const handlers = [{
    name: 'createWithArrayPost',
    start: false,
    msw: http.post('/user/createWithArray', (req) => {
        return HttpResponse.json(userFakerService.createWithArrayPost())
    })
}, {
    name: 'createWithListPost',
    start: false,
    msw: http.post('/user/createWithList', (req) => {
        return HttpResponse.json(userFakerService.createWithListPost())
    })
}, {
    name: 'findByUsername',
    start: false,
    msw: http.get('/user/:username', (req) => {
        return HttpResponse.json(userFakerService.findByUsername())
    })
}, {
    name: 'usernamePut',
    start: false,
    msw: http.put('/user/:username', (req) => {
        return HttpResponse.json(userFakerService.usernamePut())
    })
}, {
    name: 'delByUsername',
    start: false,
    msw: http.delete('/user/:username', (req) => {
        return HttpResponse.json(userFakerService.delByUsername())
    })
}, {
    name: 'loginGet',
    start: false,
    msw: http.get('/user/login', (req) => {
        return HttpResponse.json(userFakerService.loginGet())
    })
}, {
    name: 'logoutGet',
    start: false,
    msw: http.get('/user/logout', (req) => {
        return HttpResponse.json(userFakerService.logoutGet())
    })
}, {
    name: 'create',
    start: false,
    msw: http.post('/user', (req) => {
        return HttpResponse.json(userFakerService.create())
    })
}];
export const userHandler: Array<HttpHandler> = handlers
    .filter(x => x.start)
    .map(x => x.msw);

import { petHandler } from "./petHandler.handler";
import { storeHandler } from "./storeHandler.handler";
import { userHandler } from "./userHandler.handler";
import { HttpHandler } from "msw";
export const handlers: Array<HttpHandler> = [...petHandler, ...storeHandler, ...userHandler];
"
`;
